[gramentheme.com/html/gratech/index04b9.html]
[backblue.gif]
[fade.gif]
[index.html]
[gramentheme.com/html/gratech/assets/images/favicon.png]
[gramentheme.com/html/gratech/assets/css/bootstrap.min.css]
[gramentheme.com/html/gratech/assets/css/meanmenu.css]
[gramentheme.com/html/gratech/assets/css/swiper-bundle.min.css]
[gramentheme.com/html/gratech/assets/css/magnific-popup.css]
[gramentheme.com/html/gratech/assets/css/animate.css]
[gramentheme.com/html/gratech/assets/css/all.min.css]
[gramentheme.com/html/gratech/assets/css/nice-select.css]
[gramentheme.com/html/gratech/assets/css/style.css]
[gramentheme.com/html/gratech/index.html]
[gramentheme.com/html/gratech/assets/images/logo/logo-light.svg]
[gramentheme.com/html/gratech/assets/images/menu/home1-image.jpg]
[gramentheme.com/html/gratech/index-one-page.html]
[gramentheme.com/html/gratech/assets/images/menu/home2-image.jpg]
[gramentheme.com/html/gratech/index-2.html]
[gramentheme.com/html/gratech/assets/images/menu/home3-image.jpg]
[gramentheme.com/html/gratech/index-2-one-page.html]
[gramentheme.com/html/gratech/index-3.html]
[gramentheme.com/html/gratech/assets/images/menu/home4-image.jpg]
[gramentheme.com/html/gratech/index-3-one-page.html]
[gramentheme.com/html/gratech/index-dark.html]
[gramentheme.com/html/gratech/about.html]
[gramentheme.com/html/gratech/service-solutions.html]
[gramentheme.com/html/gratech/service.html]
[gramentheme.com/html/gratech/service-details.html]
[gramentheme.com/html/gratech/case.html]
[gramentheme.com/html/gratech/case-2.html]
[gramentheme.com/html/gratech/case-details.html]
[gramentheme.com/html/gratech/team.html]
[gramentheme.com/html/gratech/team-details.html]
[gramentheme.com/html/gratech/pricing.html]
[gramentheme.com/html/gratech/faq.html]
[gramentheme.com/html/gratech/error.html]
[gramentheme.com/html/gratech/blog.html]
[gramentheme.com/html/gratech/blog-standard.html]
[gramentheme.com/html/gratech/blog-details.html]
[gramentheme.com/html/gratech/contact.html]
[gramentheme.com/html/gratech/assets/images/logo/logo.svg]
[gramentheme.com/html/gratech/assets/images/banner/banner-line.png]
[gramentheme.com/html/gratech/assets/images/banner/banner-regular-left-shape.png]
[gramentheme.com/html/gratech/assets/images/banner/banner-solid-left-shape.png]
[gramentheme.com/html/gratech/assets/images/banner/banner-shape-left.png]
[gramentheme.com/html/gratech/assets/images/banner/banner-shape-right-line.png]
[gramentheme.com/html/gratech/assets/images/banner/banner-shape-right.png]
[gramentheme.com/html/gratech/assets/images/banner/banner-right-line1.png]
[gramentheme.com/html/gratech/assets/images/banner/banner-right-line2.png]
[gramentheme.com/html/gratech/assets/images/banner/banner-right-line3.png]
[gramentheme.com/html/gratech/assets/images/banner/banner-right-line4.png]
[gramentheme.com/html/gratech/assets/images/banner/banner-image.jpg]
[gramentheme.com/html/gratech/assets/images/banner/banner-image2.jpg]
[gramentheme.com/html/gratech/assets/images/banner/banner-image3.jpg]
[gramentheme.com/html/gratech/assets/images/shape/service-bg-shape.png]
[gramentheme.com/html/gratech/assets/images/icon/section-title.png]
[gramentheme.com/html/gratech/assets/images/shape/service-item-shape.png]
[gramentheme.com/html/gratech/assets/images/icon/service-icon1.png]
[gramentheme.com/html/gratech/assets/images/icon/service-icon2.png]
[gramentheme.com/html/gratech/assets/images/icon/service-icon3.png]
[gramentheme.com/html/gratech/assets/images/shape/about-line.png]
[gramentheme.com/html/gratech/assets/images/about/about-image1.jpg]
[gramentheme.com/html/gratech/assets/images/about/about-image2.png]
[gramentheme.com/html/gratech/assets/images/shape/about-circle.png]
[gramentheme.com/html/gratech/assets/images/icon/about-icon1.png]
[gramentheme.com/html/gratech/assets/images/icon/about-icon2.png]
[gramentheme.com/html/gratech/assets/images/about/about-info.png]
[gramentheme.com/html/gratech/assets/images/shape/counnter-bg-shape.png]
[gramentheme.com/html/gratech/assets/images/icon/counter-icon1.png]
[gramentheme.com/html/gratech/assets/images/icon/counter-icon2.png]
[gramentheme.com/html/gratech/assets/images/icon/counter-icon3.png]
[gramentheme.com/html/gratech/assets/images/icon/counter-icon4.png]
[gramentheme.com/html/gratech/assets/images/case/case-image1.jpg]
[gramentheme.com/html/gratech/assets/images/case/case-image2.jpg]
[gramentheme.com/html/gratech/assets/images/case/case-image3.jpg]
[gramentheme.com/html/gratech/assets/images/case/case-image4.jpg]
[gramentheme.com/html/gratech/assets/images/shape/offer-shadow-shape.png]
[gramentheme.com/html/gratech/assets/images/shape/offer-bg-shape-left.png]
[gramentheme.com/html/gratech/assets/images/shape/offer-bg-shape-right.png]
[gramentheme.com/html/gratech/assets/images/shape/offter-item-shape-top.png]
[gramentheme.com/html/gratech/assets/images/shape/offter-item-shape-bottom.png]
[gramentheme.com/html/gratech/assets/images/shape/brand-shape.png]
[gramentheme.com/html/gratech/assets/images/brand/brand-image1.png]
[gramentheme.com/html/gratech/assets/images/brand/brand-image2.png]
[gramentheme.com/html/gratech/assets/images/brand/brand-image3.png]
[gramentheme.com/html/gratech/assets/images/brand/brand-image4.png]
[gramentheme.com/html/gratech/assets/images/brand/brand-image5.png]
[gramentheme.com/html/gratech/assets/images/process/process-arry.png]
[gramentheme.com/html/gratech/assets/images/process/process-image1.png]
[gramentheme.com/html/gratech/assets/images/process/process-image2.png]
[gramentheme.com/html/gratech/assets/images/process/process-image3.png]
[gramentheme.com/html/gratech/assets/images/bg/testimonial-bg.png]
[gramentheme.com/html/gratech/assets/images/testimonial/testimonial-image1.png]
[gramentheme.com/html/gratech/assets/images/testimonial/testimonial-image2.png]
[gramentheme.com/html/gratech/assets/images/blog/blog-image1.jpg]
[gramentheme.com/html/gratech/assets/images/blog/blog-image2.jpg]
[gramentheme.com/html/gratech/assets/images/blog/blog-image3.jpg]
[gramentheme.com/html/gratech/assets/images/shape/footer-regular-left.png]
[gramentheme.com/html/gratech/assets/images/shape/footer-solid-left.png]
[gramentheme.com/html/gratech/assets/images/shape/footer-regular-right.png]
[gramentheme.com/html/gratech/assets/images/shape/footer-solid-right.png]
[gramentheme.com/html/gratech/assets/images/shape/footer-shadow-shape.png]
[gramentheme.com/html/gratech/assets/js/jquery-3.7.1.min.js]
[gramentheme.com/html/gratech/assets/js/bootstrap.min.js]
[gramentheme.com/html/gratech/assets/js/meanmenu.js]
[gramentheme.com/html/gratech/assets/js/jquery.counterup.min.js]
[gramentheme.com/html/gratech/assets/js/swiper-bundle.min.js]
[gramentheme.com/html/gratech/assets/js/wow.min.js]
[gramentheme.com/html/gratech/assets/js/pace.min.js]
[gramentheme.com/html/gratech/assets/js/magnific-popup.min.js]
[gramentheme.com/html/gratech/assets/js/nice-select.min.js]
[gramentheme.com/html/gratech/assets/js/isotope.pkgd.min.js]
[gramentheme.com/html/gratech/assets/js/jquery.waypoints.js]
[gramentheme.com/html/gratech/index04b9.html]
[gramentheme.com/html/gratech/assets/css/bootstrap.min.css]
[gramentheme.com/html/gratech/assets/css/meanmenu.css]
[gramentheme.com/html/gratech/assets/webfonts/fa-brands-400.woff2]
[gramentheme.com/html/gratech/assets/js/script.js]
[gramentheme.com/html/gratech/assets/webfonts/fa-duotone-900.woff2]
[gramentheme.com/html/gratech/assets/webfonts/fa-brands-400.ttf]
[gramentheme.com/html/gratech/assets/webfonts/fa-light-300.woff2]
[gramentheme.com/html/gratech/assets/webfonts/fa-regular-400.woff2]
[gramentheme.com/html/gratech/assets/webfonts/fa-light-300.ttf]
[gramentheme.com/html/gratech/assets/webfonts/fa-solid-900.woff2]
[gramentheme.com/html/gratech/assets/webfonts/fa-regular-400.ttf]
[gramentheme.com/html/gratech/assets/webfonts/fa-duotone-900.ttf]
[gramentheme.com/html/gratech/assets/webfonts/fa-thin-100.woff2]
[gramentheme.com/html/gratech/assets/webfonts/fa-thin-100.ttf]
[gramentheme.com/html/gratech/assets/webfonts/fa-v4compatibility.woff2]
[gramentheme.com/html/gratech/assets/css/all.min.css]
[gramentheme.com/html/gratech/assets/webfonts/fa-v4compatibility.ttf]
[gramentheme.com/html/gratech/assets/css/swiper-bundle.min.css]
[gramentheme.com/html/gratech/assets/css/magnific-popup.css]
[gramentheme.com/html/gratech/assets/css/animate.css]
[gramentheme.com/html/gratech/assets/css/nice-select.css]
[gramentheme.com/assets/images/shape/case-btn-shape.png]
[gramentheme.com/html/gratech/assets/css/style.css]
[gramentheme.com/html/gratech/assets/webfonts/fa-solid-900.ttf]
[gramentheme.com/html/gratech/index.html]
[gramentheme.com/html/gratech/assets/images/logo/logo-light.svg]
[gramentheme.com/html/gratech/index-one-page.html]
[gramentheme.com/html/gratech/assets/images/banner/banner-two-left-line.png]
[gramentheme.com/html/gratech/assets/images/banner/banner-two-solid-right-down.png]
[gramentheme.com/html/gratech/assets/images/banner/banner-two-solid-right-up.png]
[gramentheme.com/html/gratech/assets/images/banner/banner-two-right-shape.png]
[gramentheme.com/html/gratech/assets/images/banner/banner-two-circle-solid.png]
[gramentheme.com/html/gratech/assets/images/banner/banner-two-circle-regular.png]
[gramentheme.com/html/gratech/assets/images/banner/banner-two-image1.jpg]
[gramentheme.com/html/gratech/assets/images/banner/banner-two-image2.jpg]
[gramentheme.com/html/gratech/assets/images/banner/banner-two-image3.jpg]
[gramentheme.com/html/gratech/assets/images/shape/about-two-shape.png]
[gramentheme.com/html/gratech/assets/images/shape/about-two-dot.png]
[gramentheme.com/html/gratech/assets/images/shape/about-circle-helper.png]
[gramentheme.com/html/gratech/assets/images/about/about-two-image1.jpg]
[gramentheme.com/html/gratech/assets/images/about/about-two-image2.png]
[gramentheme.com/html/gratech/assets/images/shape/about-two-circle.png]
[gramentheme.com/html/gratech/assets/images/about/singature.png]
[gramentheme.com/html/gratech/assets/images/shape/service-two-shape-left.png]
[gramentheme.com/html/gratech/assets/images/shape/service-two-shape-right.png]
[gramentheme.com/html/gratech/assets/images/service/service-image1.jpg]
[gramentheme.com/html/gratech/assets/images/icon/service-two-icon1.png]
[gramentheme.com/html/gratech/assets/images/shape/service-two-item-shape.png]
[gramentheme.com/html/gratech/assets/images/service/service-image2.jpg]
[gramentheme.com/html/gratech/assets/images/icon/service-two-icon2.png]
[gramentheme.com/html/gratech/assets/images/service/service-image3.jpg]
[gramentheme.com/html/gratech/assets/images/icon/service-two-icon3.png]
[gramentheme.com/html/gratech/assets/images/shape/choose-shape-right.png]
[gramentheme.com/html/gratech/assets/images/shape/choose-shape-right2.png]
[gramentheme.com/html/gratech/assets/images/shape/choose-shape-left.png]
[gramentheme.com/html/gratech/assets/images/choose/choose-image1.png]
[gramentheme.com/html/gratech/assets/images/team/team-image1.jpg]
[gramentheme.com/html/gratech/team-details]
[gramentheme.com/html/gratech/assets/images/team/team-image2.jpg]
[gramentheme.com/html/gratech/assets/images/team/team-image3.jpg]
[gramentheme.com/html/gratech/assets/images/shape/faq-shape.png]
[gramentheme.com/html/gratech/assets/images/shape/faq-line.png]
[gramentheme.com/html/gratech/assets/images/faq/faq-image.png]
[gramentheme.com/html/gratech/assets/images/bg/case-two-bg.png]
[gramentheme.com/html/gratech/assets/images/case/case-two-image1.jpg]
[gramentheme.com/html/gratech/assets/images/case/case-two-image2.jpg]
[gramentheme.com/html/gratech/assets/images/case/case-two-image3.jpg]
[gramentheme.com/html/gratech/assets/images/case/case-two-image4.jpg]
[gramentheme.com/html/gratech/assets/images/testimonial/testimonial-two-image1.png]
[gramentheme.com/html/gratech/assets/images/testimonial/testimonial-two-image2.png]
[gramentheme.com/html/gratech/assets/images/testimonial/testimonial-two-image3.png]
[gramentheme.com/html/gratech/blog-details.htm]
[gramentheme.com/html/gratech/assets/images/blog/blog-two-grid-image1.jpg]
[gramentheme.com/html/gratech/assets/images/blog/admin1.png]
[gramentheme.com/html/gratech/assets/images/blog/blog-two-list-image1.jpg]
[gramentheme.com/html/gratech/assets/images/blog/admin2.png]
[gramentheme.com/html/gratech/assets/images/blog/blog-two-list-image2.jpg]
[gramentheme.com/html/gratech/assets/images/blog/admin3.png]
[gramentheme.com/html/gratech/assets/images/shape/quote-shape.png]
[gramentheme.com/html/gratech/assets/images/shape/quote-shape2.png]
[gramentheme.com/html/gratech/index-2.html]
[gramentheme.com/html/gratech/index-2-one-page.html]
[gramentheme.com/html/gratech/assets/images/bg/banner-three-bg.png]
[gramentheme.com/html/gratech/assets/images/banner/banner-three-left-shape.png]
[gramentheme.com/html/gratech/assets/images/banner/banner-three-right-shape.png]
[gramentheme.com/html/gratech/assets/images/banner/banner-three-image.png]
[gramentheme.com/html/gratech/assets/images/shape/service-three-shape.png]
[gramentheme.com/html/gratech/assets/images/service/service-three-image.jpg]
[gramentheme.com/html/gratech/assets/images/icon/service-three-icon1.png]
[gramentheme.com/html/gratech/assets/images/icon/service-three-light-icon1.png]
[gramentheme.com/html/gratech/service-single.html]
[gramentheme.com/html/gratech/assets/images/service/service-three-image2.jpg]
[gramentheme.com/html/gratech/assets/images/icon/service-three-icon2.png]
[gramentheme.com/html/gratech/assets/images/icon/service-three-light-icon2.png]
[gramentheme.com/html/gratech/assets/images/service/service-three-image3.jpg]
[gramentheme.com/html/gratech/assets/images/icon/service-three-icon3.png]
[gramentheme.com/html/gratech/assets/images/icon/service-three-light-icon3.png]
[gramentheme.com/html/gratech/assets/images/bg/case-three-bg.jpg]
[gramentheme.com/html/gratech/assets/images/shape/brand-three-line1.png]
[gramentheme.com/html/gratech/assets/images/shape/brand-three-shape1.png]
[gramentheme.com/html/gratech/assets/images/shape/brand-three-line2.png]
[gramentheme.com/html/gratech/assets/images/shape/brand-three-shape2.png]
[gramentheme.com/html/gratech/assets/images/shape/about-three-line.png]
[gramentheme.com/html/gratech/assets/images/shape/about-three-box-up.png]
[gramentheme.com/html/gratech/assets/images/shape/about-three-box-down.png]
[gramentheme.com/html/gratech/assets/images/icon/about-three-icon1.png]
[gramentheme.com/html/gratech/assets/images/icon/about-three-icon2.png]
[gramentheme.com/html/gratech/assets/images/shape/about-three-dot.png]
[gramentheme.com/html/gratech/assets/images/icon/about-three-icon3.png]
[gramentheme.com/html/gratech/assets/images/about/about-three-image.png]
[gramentheme.com/html/gratech/assets/images/video/video-image1.jpg]
[gramentheme.com/html/gratech/assets/images/shape/pricing-shape-up.png]
[gramentheme.com/html/gratech/assets/images/shape/pricing-shape-down.png]
[gramentheme.com/html/gratech/assets/images/shape/pricing-shape.png]
[gramentheme.com/html/gratech/assets/images/shape/pricing-item-shape.png]
[gramentheme.com/html/gratech/assets/images/shape/pricing-icon-bg.png]
[gramentheme.com/html/gratech/assets/images/icon/pricing-icon1.png]
[gramentheme.com/html/gratech/assets/images/icon/pricing-icon2.png]
[gramentheme.com/html/gratech/assets/images/icon/pricing-icon3.png]
[gramentheme.com/html/gratech/assets/images/bg/testimonial-three-bg.png]
[gramentheme.com/html/gratech/assets/images/testimonial/testimonial-three-image1.png]
[gramentheme.com/html/gratech/assets/images/testimonial/testimonial-three-image2.png]
[gramentheme.com/html/gratech/assets/images/testimonial/testimonial-three-image3.png]
[gramentheme.com/html/gratech/index-3.html]
[gramentheme.com/html/gratech/index-3-one-page.html]
[gramentheme.com/html/gratech/assets/images/about/singature-light.png]
[gramentheme.com/html/gratech/index-dark.html]
[gramentheme.com/html/gratech/assets/images/banner/banner-inner-page.jpg]
[gramentheme.com/html/gratech/assets/images/banner/inner-banner-shape2.png]
[gramentheme.com/html/gratech/assets/images/banner/inner-banner-shape1.png]
[gramentheme.com/html/gratech/assets/images/banner/inner-banner-shape3.png]
[gramentheme.com/html/gratech/about.html]
[gramentheme.com/html/gratech/service-solutions.html]
[gramentheme.com/html/gratech/assets/images/service/service-image4.jpg]
[gramentheme.com/html/gratech/assets/images/icon/service-two-icon4.png]
[gramentheme.com/html/gratech/assets/images/service/service-image5.jpg]
[gramentheme.com/html/gratech/assets/images/icon/service-two-icon5.png]
[gramentheme.com/html/gratech/assets/images/service/service-image6.jpg]
[gramentheme.com/html/gratech/assets/images/icon/service-two-icon6.png]
[gramentheme.com/html/gratech/service.html]
[gramentheme.com/html/gratech/assets/images/service/service-single-image1.jpg]
[gramentheme.com/html/gratech/assets/images/service/service-single-image2.jpg]
[gramentheme.com/html/gratech/service-details.html]
[gramentheme.com/html/gratech/case.html]
[gramentheme.com/html/gratech/case-2.html]
[gramentheme.com/html/gratech/assets/images/case/case-details-image1.jpg]
[gramentheme.com/html/gratech/assets/images/case/case-details-image2.jpg]
[gramentheme.com/html/gratech/assets/images/case/case-details-image3.jpg]
[gramentheme.com/html/gratech/case-details.html]
[gramentheme.com/html/gratech/assets/images/team/team-image4.jpg]
[gramentheme.com/html/gratech/assets/images/team/team-image6.jpg]
[gramentheme.com/html/gratech/assets/images/team/team-image5.jpg]
[gramentheme.com/html/gratech/team.html]
[gramentheme.com/html/gratech/team-details.html]
[gramentheme.com/html/gratech/pricing.html]
[gramentheme.com/html/gratech/faq.html]
[gramentheme.com/html/gratech/assets/images/error/404.png]
[gramentheme.com/html/gratech/error.html]
[gramentheme.com/html/gratech/assets/images/blog/blog-image4.jpg]
[gramentheme.com/html/gratech/assets/images/blog/blog-image5.jpg]
[gramentheme.com/html/gratech/assets/images/blog/blog-image6.jpg]
[gramentheme.com/html/gratech/blog.html]
[gramentheme.com/html/gratech/assets/images/blog/blog-single-image2.jpg]
[gramentheme.com/html/gratech/assets/images/blog/blog-single-image1.jpg]
[gramentheme.com/html/gratech/assets/images/blog/blog-single-image3.jpg]
[gramentheme.com/html/gratech/assets/images/blog/post-sm1.png]
[gramentheme.com/html/gratech/blog-single.html]
[gramentheme.com/html/gratech/assets/images/blog/post-sm2.png]
[gramentheme.com/html/gratech/assets/images/blog/post-sm3.png]
[gramentheme.com/html/gratech/blog-standard.html]
[gramentheme.com/html/gratech/assets/images/blog/blog-single-sm1.jpg]
[gramentheme.com/html/gratech/assets/images/blog/blog-single-sm2.jpg]
[gramentheme.com/html/gratech/assets/images/blog/comment-image1.png]
[gramentheme.com/html/gratech/assets/images/blog/comment-image2.png]
[gramentheme.com/html/gratech/blog-details.html]
[gramentheme.com/html/gratech/contact.html]
[gramentheme.com/html/gratech/assets/images/logo/logo.svg]
[gramentheme.com/assets/images/shape/case-btn-shape.html]
[gramentheme.com/html/gratech/team-details-2.html]
[gramentheme.com/html/gratech/blog-details-2.html]
[gramentheme.com/html/gratech/service-single.html]
[gramentheme.com/html/gratech/blog-single.html]
